ssh-rsa AAAAB3NzaC1yc2EAAAADAQABAAABAQCMxIMxEOTONqX/EQpN0EnECLK0f5xIdF0tu84N2E37VeC8lSXh0CjHKP4uHN8zWTfw1CkFdRiaCP93w5AvMQVy8J6hUrNkZ7Gglia6dqnhlBBJhxGkUVJJVcojOqxIwLHJAoDKMq6DPLO8QDfdgNZccHfm3Iz2n61+eJr/BEVrqzWPwtHs2eRPnL5PAdw02uLH4Zzmu2BcFh4MXZIzkcfaSpANp8eq6at3WusjX21Mcf40I6Qthxg+TNcDy3YM6cbT8/1tJ6KwPhKn3oc46/mkriogTtOzDo7hC3iNGg5Ta03+n8KxsBM5lifznX3+GtO5TCKRgLgW1XTrtg0Pl51l test-deploy-rsa
